../Core/Src/main.c:99:5:__io_putchar	16	static
../Core/Src/main.c:105:6:set_stepper_L_motor_speed	24	static
../Core/Src/main.c:118:6:set_stepper_R_motor_speed	24	static
../Core/Src/main.c:131:9:lsm_read_reg	40	static
../Core/Src/main.c:140:6:lsm_write_reg	32	static
../Core/Src/main.c:145:9:lsm_read_value	40	static
../Core/Src/main.c:154:5:LSM303D_init	16	static
../Core/Src/main.c:167:5:L3GD20H_init	16	static
../Core/Src/main.c:180:5:sensors_run_correctly	16	static
../Core/Src/main.c:187:6:activate_app	8	static
../Core/Src/main.c:198:7:calc_acc_tilt	24	static
../Core/Src/main.c:217:6:init_Kalman	16	static
../Core/Src/main.c:231:7:getAngle	48	static
../Core/Src/main.c:260:6:setAngle	16	static
../Core/Src/main.c:271:5:main	16	static
../Core/Src/main.c:343:6:SystemClock_Config	96	static
../Core/Src/main.c:404:13:MX_I2C1_Init	8	static
../Core/Src/main.c:452:13:MX_TIM1_Init	112	static
../Core/Src/main.c:532:13:MX_TIM6_Init	24	static
../Core/Src/main.c:570:13:MX_TIM16_Init	80	static
../Core/Src/main.c:632:13:MX_USART2_UART_Init	8	static
../Core/Src/main.c:667:13:MX_GPIO_Init	40	static
../Core/Src/main.c:699:6:HAL_TIM_PeriodElapsedCallback	48	static
../Core/Src/main.c:745:6:Error_Handler	4	static,ignoring_inline_asm
